<html>
<body>
<pre>
<h1>µVision Build Log</h1>
<h2>Project:</h2>
C:\Documents and Settings\prasannakumar.y\Desktop\SMART CLASSROOM\CODE\UART_SPI\Smart_class_prj.uvproj
Project File Date:  09/18/2018

<h2>Output:</h2>
Build target 'Target 1'
assembling Startup.s...
compiling lcdf.c...
compiling lib.c...
compiling master_spi.c...
compiling Project_fns.c...
linking...
Program Size: Code=2768 RO-data=32 RW-data=8 ZI-data=1256  
FromELF: creating hex file...
"Smart_class_prj.axf" - 0 Error(s), 0 Warning(s).
