<html>
<body>
<pre>
<h1>µVision Build Log</h1>
<h2>Project:</h2>
C:\Users\ARQAM\Desktop\UART_SPI\uart.uvproj
Project File Date:  09/17/2018

<h2>Output:</h2>
Build target 'Target 1'
compiling Project_fns.c...
compiling lcdf.c...
compiling lib.c...
compiling master_spi.c...
master_spi.c(17): warning:  #223-D: function "Adc_Init" declared implicitly
master_spi.c(26): warning:  #223-D: function "SPI_Master_IO2" declared implicitly
master_spi.c(27): warning:  #61-D: integer operation result is out of range
master_spi.c(27): warning:  #68-D: integer conversion resulted in a change of sign
master_spi.c(30): warning:  #223-D: function "SPI_Master_IO1" declared implicitly
master_spi.c(31): warning:  #223-D: function "SPI_Master_IO3" declared implicitly
linking...
Program Size: Code=2752 RO-data=32 RW-data=8 ZI-data=1256  
FromELF: creating hex file...
"uart.axf" - 0 Error(s), 6 Warning(s).
Build target 'Target 1'
assembling Startup.s...
compiling Project_fns.c...
compiling lcdf.c...
compiling lib.c...
compiling master_spi.c...
master_spi.c(17): warning:  #223-D: function "Adc_Init" declared implicitly
master_spi.c(26): warning:  #223-D: function "SPI_Master_IO2" declared implicitly
master_spi.c(27): warning:  #61-D: integer operation result is out of range
master_spi.c(27): warning:  #68-D: integer conversion resulted in a change of sign
master_spi.c(30): warning:  #223-D: function "SPI_Master_IO1" declared implicitly
master_spi.c(31): warning:  #223-D: function "SPI_Master_IO3" declared implicitly
linking...
Program Size: Code=2752 RO-data=32 RW-data=8 ZI-data=1256  
FromELF: creating hex file...
"uart.axf" - 0 Error(s), 6 Warning(s).
Build target 'Target 1'
assembling Startup.s...
compiling Project_fns.c...
compiling lcdf.c...
compiling lib.c...
compiling slave_spi.c...
slave_spi.c(26): warning:  #223-D: function "SPI_Slave_Input" declared implicitly
slave_spi.c(29): warning:  #223-D: function "SPI_Slave_Input3" declared implicitly
linking...
Program Size: Code=4652 RO-data=32 RW-data=8 ZI-data=1256  
FromELF: creating hex file...
"uart.axf" - 0 Error(s), 2 Warning(s).
Build target 'Target 1'
assembling Startup.s...
compiling Project_fns.c...
compiling lcdf.c...
compiling lib.c...
compiling slave_spi.c...
slave_spi.c(26): warning:  #223-D: function "SPI_Slave_Input" declared implicitly
slave_spi.c(29): warning:  #223-D: function "SPI_Slave_Input3" declared implicitly
linking...
Program Size: Code=4652 RO-data=32 RW-data=8 ZI-data=1256  
FromELF: creating hex file...
"uart.axf" - 0 Error(s), 2 Warning(s).
Build target 'Target 1'
assembling Startup.s...
compiling Project_fns.c...
compiling lcdf.c...
compiling lib.c...
compiling master_spi.c...
master_spi.c(17): warning:  #223-D: function "Adc_Init" declared implicitly
master_spi.c(26): warning:  #223-D: function "SPI_Master_IO2" declared implicitly
master_spi.c(27): warning:  #61-D: integer operation result is out of range
master_spi.c(27): warning:  #68-D: integer conversion resulted in a change of sign
master_spi.c(30): warning:  #223-D: function "SPI_Master_IO1" declared implicitly
master_spi.c(31): warning:  #223-D: function "SPI_Master_IO3" declared implicitly
linking...
Program Size: Code=2752 RO-data=32 RW-data=8 ZI-data=1256  
FromELF: creating hex file...
"uart.axf" - 0 Error(s), 6 Warning(s).
Build target 'Target 1'
assembling Startup.s...
compiling Project_fns.c...
compiling lcdf.c...
compiling lib.c...
compiling master_spi.c...
master_spi.c(17): warning:  #223-D: function "Adc_Init" declared implicitly
master_spi.c(26): warning:  #223-D: function "SPI_Master_IO2" declared implicitly
master_spi.c(27): warning:  #61-D: integer operation result is out of range
master_spi.c(27): warning:  #68-D: integer conversion resulted in a change of sign
master_spi.c(30): warning:  #223-D: function "SPI_Master_IO1" declared implicitly
master_spi.c(31): warning:  #223-D: function "SPI_Master_IO3" declared implicitly
linking...
Program Size: Code=2752 RO-data=32 RW-data=8 ZI-data=1256  
FromELF: creating hex file...
"uart.axf" - 0 Error(s), 6 Warning(s).
Build target 'Target 1'
assembling Startup.s...
compiling Project_fns.c...
compiling lcdf.c...
compiling lib.c...
compiling slave1_spi.c...
slave1_spi.c(26): warning:  #223-D: function "SPI_Slave_Input1" declared implicitly
slave1_spi.c(29): warning:  #223-D: function "SPI_Slave_Input2" declared implicitly
linking...
Program Size: Code=4652 RO-data=32 RW-data=8 ZI-data=1256  
FromELF: creating hex file...
"uart.axf" - 0 Error(s), 2 Warning(s).
Build target 'Target 1'
assembling Startup.s...
compiling Project_fns.c...
compiling lcdf.c...
compiling lib.c...
compiling master_spi.c...
master_spi.c(17): warning:  #223-D: function "Adc_Init" declared implicitly
master_spi.c(26): warning:  #223-D: function "SPI_Master_IO2" declared implicitly
master_spi.c(27): warning:  #61-D: integer operation result is out of range
master_spi.c(27): warning:  #68-D: integer conversion resulted in a change of sign
master_spi.c(30): warning:  #223-D: function "SPI_Master_IO1" declared implicitly
master_spi.c(31): warning:  #223-D: function "SPI_Master_IO3" declared implicitly
linking...
Program Size: Code=2752 RO-data=32 RW-data=8 ZI-data=1256  
FromELF: creating hex file...
"uart.axf" - 0 Error(s), 6 Warning(s).
Build target 'Target 1'
assembling Startup.s...
compiling Project_fns.c...
compiling lcdf.c...
compiling lib.c...
compiling master_spi.c...
master_spi.c(17): warning:  #223-D: function "Adc_Init" declared implicitly
master_spi.c(26): warning:  #223-D: function "SPI_Master_IO2" declared implicitly
master_spi.c(27): warning:  #61-D: integer operation result is out of range
master_spi.c(27): warning:  #68-D: integer conversion resulted in a change of sign
master_spi.c(30): warning:  #223-D: function "SPI_Master_IO1" declared implicitly
master_spi.c(31): warning:  #223-D: function "SPI_Master_IO3" declared implicitly
linking...
Program Size: Code=2752 RO-data=32 RW-data=8 ZI-data=1256  
FromELF: creating hex file...
"uart.axf" - 0 Error(s), 6 Warning(s).
Build target 'Target 1'
assembling Startup.s...
compiling Project_fns.c...
compiling lcdf.c...
compiling lib.c...
compiling master_spi.c...
master_spi.c(17): warning:  #223-D: function "Adc_Init" declared implicitly
master_spi.c(26): warning:  #223-D: function "SPI_Master_IO2" declared implicitly
master_spi.c(27): warning:  #61-D: integer operation result is out of range
master_spi.c(27): warning:  #68-D: integer conversion resulted in a change of sign
master_spi.c(30): warning:  #223-D: function "SPI_Master_IO1" declared implicitly
master_spi.c(32): warning:  #223-D: function "SPI_Master_IO3" declared implicitly
linking...
Program Size: Code=2760 RO-data=32 RW-data=8 ZI-data=1256  
FromELF: creating hex file...
"uart.axf" - 0 Error(s), 6 Warning(s).
Build target 'Target 1'
linking...
Program Size: Code=2760 RO-data=32 RW-data=8 ZI-data=1256  
FromELF: creating hex file...
"uart.axf" - 0 Error(s), 0 Warning(s).
Build target 'Target 1'
assembling Startup.s...
compiling Project_fns.c...
compiling lcdf.c...
compiling lib.c...
compiling master_spi.c...
master_spi.c(17): warning:  #223-D: function "Adc_Init" declared implicitly
master_spi.c(26): warning:  #223-D: function "SPI_Master_IO2" declared implicitly
master_spi.c(27): warning:  #61-D: integer operation result is out of range
master_spi.c(27): warning:  #68-D: integer conversion resulted in a change of sign
master_spi.c(30): warning:  #223-D: function "SPI_Master_IO1" declared implicitly
master_spi.c(32): warning:  #223-D: function "SPI_Master_IO3" declared implicitly
linking...
Program Size: Code=2760 RO-data=32 RW-data=8 ZI-data=1256  
FromELF: creating hex file...
"uart.axf" - 0 Error(s), 6 Warning(s).
Build target 'Target 1'
assembling Startup.s...
compiling Project_fns.c...
compiling lcdf.c...
compiling lib.c...
compiling master_spi.c...
master_spi.c(17): warning:  #223-D: function "Adc_Init" declared implicitly
master_spi.c(26): warning:  #223-D: function "SPI_Master_IO2" declared implicitly
master_spi.c(27): warning:  #61-D: integer operation result is out of range
master_spi.c(27): warning:  #68-D: integer conversion resulted in a change of sign
master_spi.c(30): warning:  #223-D: function "SPI_Master_IO1" declared implicitly
master_spi.c(32): warning:  #223-D: function "SPI_Master_IO3" declared implicitly
linking...
Program Size: Code=2760 RO-data=32 RW-data=8 ZI-data=1256  
FromELF: creating hex file...
"uart.axf" - 0 Error(s), 6 Warning(s).
Build target 'Target 1'
assembling Startup.s...
compiling Project_fns.c...
compiling lcdf.c...
compiling lib.c...
compiling slave_spi.c...
slave_spi.c(26): warning:  #223-D: function "SPI_Slave_Input" declared implicitly
slave_spi.c(29): warning:  #223-D: function "SPI_Slave_Input3" declared implicitly
linking...
Program Size: Code=4628 RO-data=32 RW-data=8 ZI-data=1256  
FromELF: creating hex file...
"uart.axf" - 0 Error(s), 2 Warning(s).
Build target 'Target 1'
assembling Startup.s...
compiling Project_fns.c...
compiling lcdf.c...
compiling lib.c...
compiling slave_spi.c...
slave_spi.c(26): warning:  #223-D: function "SPI_Slave_Input" declared implicitly
slave_spi.c(29): warning:  #223-D: function "SPI_Slave_Input3" declared implicitly
linking...
Program Size: Code=4628 RO-data=32 RW-data=8 ZI-data=1256  
FromELF: creating hex file...
"uart.axf" - 0 Error(s), 2 Warning(s).
Build target 'Target 1'
assembling Startup.s...
compiling Project_fns.c...
compiling lcdf.c...
compiling lib.c...
compiling slave1_spi.c...
slave1_spi.c(26): warning:  #223-D: function "SPI_Slave_Input1" declared implicitly
linking...
Program Size: Code=2668 RO-data=32 RW-data=8 ZI-data=1256  
FromELF: creating hex file...
"uart.axf" - 0 Error(s), 1 Warning(s).
Build target 'Target 1'
assembling Startup.s...
compiling Project_fns.c...
compiling lcdf.c...
compiling lib.c...
compiling master_spi.c...
master_spi.c(17): warning:  #223-D: function "Adc_Init" declared implicitly
master_spi.c(26): warning:  #223-D: function "SPI_Master_IO2" declared implicitly
master_spi.c(27): warning:  #61-D: integer operation result is out of range
master_spi.c(27): warning:  #68-D: integer conversion resulted in a change of sign
master_spi.c(30): warning:  #223-D: function "SPI_Master_IO1" declared implicitly
master_spi.c(32): warning:  #223-D: function "SPI_Master_IO3" declared implicitly
linking...
Program Size: Code=2760 RO-data=32 RW-data=8 ZI-data=1256  
FromELF: creating hex file...
"uart.axf" - 0 Error(s), 6 Warning(s).
Build target 'Target 1'
assembling Startup.s...
compiling Project_fns.c...
compiling lcdf.c...
compiling lib.c...
compiling master_spi.c...
master_spi.c(17): warning:  #223-D: function "Adc_Init" declared implicitly
master_spi.c(26): warning:  #61-D: integer operation result is out of range
master_spi.c(26): warning:  #68-D: integer conversion resulted in a change of sign
master_spi.c(29): warning:  #223-D: function "SPI_Master_IO1" declared implicitly
master_spi.c(32): warning:  #223-D: function "SPI_Master_IO2" declared implicitly
master_spi.c(33): warning:  #223-D: function "SPI_Master_IO3" declared implicitly
linking...
Program Size: Code=2760 RO-data=32 RW-data=8 ZI-data=1256  
FromELF: creating hex file...
"uart.axf" - 0 Error(s), 6 Warning(s).
Build target 'Target 1'
assembling Startup.s...
compiling Project_fns.c...
compiling lcdf.c...
compiling lib.c...
compiling slave_spi.c...
slave_spi.c(26): warning:  #223-D: function "SPI_Slave_Input" declared implicitly
slave_spi.c(29): warning:  #223-D: function "SPI_Slave_Input3" declared implicitly
linking...
Program Size: Code=4644 RO-data=32 RW-data=8 ZI-data=1256  
FromELF: creating hex file...
"uart.axf" - 0 Error(s), 2 Warning(s).
Build target 'Target 1'
assembling Startup.s...
compiling Project_fns.c...
compiling lcdf.c...
compiling lib.c...
compiling slave1_spi.c...
slave1_spi.c(26): warning:  #223-D: function "SPI_Slave_Input1" declared implicitly
slave1_spi.c(29): warning:  #223-D: function "SPI_Slave_Input2" declared implicitly
linking...
Program Size: Code=4644 RO-data=32 RW-data=8 ZI-data=1256  
FromELF: creating hex file...
"uart.axf" - 0 Error(s), 2 Warning(s).
Build target 'Target 1'
assembling Startup.s...
compiling Project_fns.c...
compiling lcdf.c...
compiling lib.c...
compiling master_spi.c...
master_spi.c(17): warning:  #223-D: function "Adc_Init" declared implicitly
master_spi.c(26): warning:  #61-D: integer operation result is out of range
master_spi.c(26): warning:  #68-D: integer conversion resulted in a change of sign
master_spi.c(29): warning:  #223-D: function "SPI_Master_IO1" declared implicitly
master_spi.c(32): warning:  #223-D: function "SPI_Master_IO2" declared implicitly
master_spi.c(33): warning:  #223-D: function "SPI_Master_IO3" declared implicitly
linking...
Program Size: Code=2760 RO-data=32 RW-data=8 ZI-data=1256  
FromELF: creating hex file...
"uart.axf" - 0 Error(s), 6 Warning(s).
Build target 'Target 1'
assembling Startup.s...
compiling Project_fns.c...
compiling lcdf.c...
compiling lib.c...
compiling slave1_spi.c...
slave1_spi.c(26): warning:  #223-D: function "SPI_Slave_Input1" declared implicitly
slave1_spi.c(29): warning:  #223-D: function "SPI_Slave_Input2" declared implicitly
linking...
Program Size: Code=4644 RO-data=32 RW-data=8 ZI-data=1256  
FromELF: creating hex file...
"uart.axf" - 0 Error(s), 2 Warning(s).
Build target 'Target 1'
assembling Startup.s...
compiling Project_fns.c...
compiling lcdf.c...
compiling lib.c...
compiling slave_spi.c...
slave_spi.c(26): warning:  #223-D: function "SPI_Slave_Input" declared implicitly
slave_spi.c(29): warning:  #223-D: function "SPI_Slave_Input3" declared implicitly
linking...
Program Size: Code=4644 RO-data=32 RW-data=8 ZI-data=1256  
FromELF: creating hex file...
"uart.axf" - 0 Error(s), 2 Warning(s).
Build target 'Target 1'
assembling Startup.s...
compiling Project_fns.c...
compiling lcdf.c...
compiling lib.c...
compiling master_spi.c...
master_spi.c(17): warning:  #223-D: function "Adc_Init" declared implicitly
master_spi.c(26): warning:  #61-D: integer operation result is out of range
master_spi.c(26): warning:  #68-D: integer conversion resulted in a change of sign
master_spi.c(29): warning:  #223-D: function "SPI_Master_IO1" declared implicitly
master_spi.c(32): warning:  #223-D: function "SPI_Master_IO2" declared implicitly
master_spi.c(33): warning:  #223-D: function "SPI_Master_IO3" declared implicitly
linking...
Program Size: Code=2764 RO-data=32 RW-data=8 ZI-data=1256  
FromELF: creating hex file...
"uart.axf" - 0 Error(s), 6 Warning(s).
